current directory: /Users/141421356u/Data/moticheck/vendor/bundle/ruby/3.2.0/gems/date-3.5.0/ext/date
/Users/141421356u/.rbenv/versions/3.2.8/bin/ruby extconf.rb
checking for rb_category_warn()... yes
checking for timezone in time.h with  -Werror... yes
checking for altzone in time.h with  -Werror... no
creating Makefile

current directory: /Users/141421356u/Data/moticheck/vendor/bundle/ruby/3.2.0/gems/date-3.5.0/ext/date
make DESTDIR\= sitearchdir\=./.gem.20260110-34066-9s0ujt sitelibdir\=./.gem.20260110-34066-9s0ujt clean

current directory: /Users/141421356u/Data/moticheck/vendor/bundle/ruby/3.2.0/gems/date-3.5.0/ext/date
make DESTDIR\= sitearchdir\=./.gem.20260110-34066-9s0ujt sitelibdir\=./.gem.20260110-34066-9s0ujt
compiling date_core.c
compiling date_parse.c
compiling date_strftime.c
compiling date_strptime.c
linking shared-object date_core.bundle
ld: warning: ignoring duplicate libraries: '-lruby.3.2'

current directory: /Users/141421356u/Data/moticheck/vendor/bundle/ruby/3.2.0/gems/date-3.5.0/ext/date
make DESTDIR\= sitearchdir\=./.gem.20260110-34066-9s0ujt sitelibdir\=./.gem.20260110-34066-9s0ujt install
/usr/bin/install -c -m 0755 date_core.bundle ./.gem.20260110-34066-9s0ujt

current directory: /Users/141421356u/Data/moticheck/vendor/bundle/ruby/3.2.0/gems/date-3.5.0/ext/date
make DESTDIR\= sitearchdir\=./.gem.20260110-34066-9s0ujt sitelibdir\=./.gem.20260110-34066-9s0ujt clean
