current directory: /Users/141421356u/Data/moticheck/vendor/bundle/ruby/3.2.0/gems/ed25519-1.4.0/ext/ed25519_ref10
/Users/141421356u/.rbenv/versions/3.2.8/bin/ruby extconf.rb
checking for whether -Wall is accepted as CFLAGS... yes
checking for whether -O3 is accepted as CFLAGS... yes
checking for whether -pedantic is accepted as CFLAGS... no
checking for whether -std=c99 is accepted as CFLAGS... yes
creating Makefile

current directory: /Users/141421356u/Data/moticheck/vendor/bundle/ruby/3.2.0/gems/ed25519-1.4.0/ext/ed25519_ref10
make DESTDIR\= sitearchdir\=./.gem.20260110-34066-9bli5z sitelibdir\=./.gem.20260110-34066-9bli5z clean

current directory: /Users/141421356u/Data/moticheck/vendor/bundle/ruby/3.2.0/gems/ed25519-1.4.0/ext/ed25519_ref10
make DESTDIR\= sitearchdir\=./.gem.20260110-34066-9bli5z sitelibdir\=./.gem.20260110-34066-9bli5z
compiling ed25519_ref10.c
compiling fe.c
compiling ge.c
compiling keypair.c
compiling open.c
compiling sc_muladd.c
compiling sc_reduce.c
compiling sha512.c
compiling sign.c
compiling verify.c
linking shared-object ed25519_ref10.bundle
ld: warning: ignoring duplicate libraries: '-lruby.3.2'

current directory: /Users/141421356u/Data/moticheck/vendor/bundle/ruby/3.2.0/gems/ed25519-1.4.0/ext/ed25519_ref10
make DESTDIR\= sitearchdir\=./.gem.20260110-34066-9bli5z sitelibdir\=./.gem.20260110-34066-9bli5z install
/usr/bin/install -c -m 0755 ed25519_ref10.bundle ./.gem.20260110-34066-9bli5z

current directory: /Users/141421356u/Data/moticheck/vendor/bundle/ruby/3.2.0/gems/ed25519-1.4.0/ext/ed25519_ref10
make DESTDIR\= sitearchdir\=./.gem.20260110-34066-9bli5z sitelibdir\=./.gem.20260110-34066-9bli5z clean
